2026-07-19T00:34:19.566+05:30  INFO 22228 --- [taskManagement] [SpringApplicationShutdownHook] j.LocalContainerEntityManagerFactoryBean : Closing JPA EntityManagerFactory for persistence unit 'default'
2026-07-19T00:34:19.623+05:30  INFO 22228 --- [taskManagement] [SpringApplicationShutdownHook] com.zaxxer.hikari.HikariDataSource       : HikariPool-1 - Shutdown initiated...
2026-07-19T00:34:19.633+05:30  INFO 22228 --- [taskManagement] [SpringApplicationShutdownHook] com.zaxxer.hikari.HikariDataSource       : HikariPool-1 - Shutdown completed.
2026-07-19T18:08:03.067+05:30  INFO 30364 --- [taskManagement] [main] c.e.t.TaskManagementApplication          : Starting TaskManagementApplication using Java 17.0.12 with PID 30364 (C:\Enosh Files\Codes\Task management app\TaskManagement - Enosh\target\classes started by sharo in C:\Enosh Files\Codes\Task management app\TaskManagement - Enosh)
2026-07-19T18:08:03.072+05:30  INFO 30364 --- [taskManagement] [main] c.e.t.TaskManagementApplication          : No active profile set, falling back to 1 default profile: "default"
2026-07-19T18:08:04.326+05:30  INFO 30364 --- [taskManagement] [main] .s.d.r.c.RepositoryConfigurationDelegate : Bootstrapping Spring Data JPA repositories in DEFAULT mode.
2026-07-19T18:08:04.448+05:30  INFO 30364 --- [taskManagement] [main] .s.d.r.c.RepositoryConfigurationDelegate : Finished Spring Data repository scanning in 111 ms. Found 7 JPA repository interfaces.
2026-07-19T18:08:05.293+05:30  INFO 30364 --- [taskManagement] [main] o.s.b.w.embedded.tomcat.TomcatWebServer  : Tomcat initialized with port 8080 (http)
2026-07-19T18:08:05.310+05:30  INFO 30364 --- [taskManagement] [main] o.apache.catalina.core.StandardService   : Starting service [Tomcat]
2026-07-19T18:08:05.310+05:30  INFO 30364 --- [taskManagement] [main] o.apache.catalina.core.StandardEngine    : Starting Servlet engine: [Apache Tomcat/10.1.20]
2026-07-19T18:08:05.400+05:30  INFO 30364 --- [taskManagement] [main] o.a.c.c.C.[Tomcat].[localhost].[/]       : Initializing Spring embedded WebApplicationContext
2026-07-19T18:08:05.400+05:30  INFO 30364 --- [taskManagement] [main] w.s.c.ServletWebServerApplicationContext : Root WebApplicationContext: initialization completed in 2256 ms
2026-07-19T18:08:05.513+05:30  INFO 30364 --- [taskManagement] [main] com.zaxxer.hikari.HikariDataSource       : HikariPool-1 - Starting...
2026-07-19T18:08:07.165+05:30  INFO 30364 --- [taskManagement] [main] com.zaxxer.hikari.pool.HikariPool        : HikariPool-1 - Added connection org.postgresql.jdbc.PgConnection@79cb8ffa
2026-07-19T18:08:07.169+05:30  INFO 30364 --- [taskManagement] [main] com.zaxxer.hikari.HikariDataSource       : HikariPool-1 - Start completed.
2026-07-19T18:08:07.356+05:30  INFO 30364 --- [taskManagement] [main] o.f.c.internal.license.VersionPrinter    : Flyway Community Edition 9.22.3 by Redgate
2026-07-19T18:08:07.356+05:30  INFO 30364 --- [taskManagement] [main] o.f.c.internal.license.VersionPrinter    : See release notes here: https://rd.gt/416ObMi
2026-07-19T18:08:07.356+05:30  INFO 30364 --- [taskManagement] [main] o.f.c.internal.license.VersionPrinter    : 
2026-07-19T18:08:07.432+05:30  INFO 30364 --- [taskManagement] [main] org.flywaydb.core.FlywayExecutor         : Database: jdbc:postgresql://ep-orange-grass-aoewn5bb.c-2.ap-southeast-1.aws.neon.tech/neondb (PostgreSQL 18.4)
2026-07-19T18:08:07.876+05:30  WARN 30364 --- [taskManagement] [main] o.f.c.internal.database.base.Database    : Flyway upgrade recommended: PostgreSQL 18.4 is newer than this version of Flyway and support has not been tested. The latest supported version of PostgreSQL is 15.
2026-07-19T18:08:08.255+05:30  INFO 30364 --- [taskManagement] [main] o.f.core.internal.command.DbValidate     : Successfully validated 0 migrations (execution time 00:00.286s)
2026-07-19T18:08:08.255+05:30  WARN 30364 --- [taskManagement] [main] o.f.core.internal.command.DbValidate     : No migrations found. Are your locations set up correctly?
2026-07-19T18:08:08.958+05:30  INFO 30364 --- [taskManagement] [main] o.f.core.internal.command.DbMigrate      : Current version of schema "public": << Empty Schema >>
2026-07-19T18:08:09.042+05:30  INFO 30364 --- [taskManagement] [main] o.f.core.internal.command.DbMigrate      : Schema "public" is up to date. No migration necessary.
2026-07-19T18:08:09.534+05:30  INFO 30364 --- [taskManagement] [main] o.hibernate.jpa.internal.util.LogHelper  : HHH000204: Processing PersistenceUnitInfo [name: default]
2026-07-19T18:08:09.628+05:30  INFO 30364 --- [taskManagement] [main] org.hibernate.Version                    : HHH000412: Hibernate ORM core version 6.4.4.Final
2026-07-19T18:08:09.685+05:30  INFO 30364 --- [taskManagement] [main] o.h.c.internal.RegionFactoryInitiator    : HHH000026: Second-level cache disabled
2026-07-19T18:08:09.975+05:30  INFO 30364 --- [taskManagement] [main] o.s.o.j.p.SpringPersistenceUnitInfo      : No LoadTimeWeaver setup: ignoring JPA class transformer
2026-07-19T18:08:11.644+05:30  INFO 30364 --- [taskManagement] [main] o.h.e.t.j.p.i.JtaPlatformInitiator       : HHH000489: No JTA platform available (set 'hibernate.transaction.jta.platform' to enable JTA platform integration)
2026-07-19T18:08:12.198+05:30  WARN 30364 --- [taskManagement] [main] o.h.engine.jdbc.spi.SqlExceptionHelper   : SQL Warning Code: 0, SQLState: 00000
2026-07-19T18:08:12.199+05:30  WARN 30364 --- [taskManagement] [main] o.h.engine.jdbc.spi.SqlExceptionHelper   : constraint "uk_ewmvysc7e9y6uy7og2c21axa9" of relation "email_verification_tokens" does not exist, skipping
2026-07-19T18:08:12.333+05:30  WARN 30364 --- [taskManagement] [main] o.h.engine.jdbc.spi.SqlExceptionHelper   : SQL Warning Code: 0, SQLState: 00000
2026-07-19T18:08:12.334+05:30  WARN 30364 --- [taskManagement] [main] o.h.engine.jdbc.spi.SqlExceptionHelper   : constraint "uk_s3mje1c85ftmp2uld6dt1bffs" of relation "email_verification_tokens" does not exist, skipping
2026-07-19T18:08:14.006+05:30  INFO 30364 --- [taskManagement] [main] j.LocalContainerEntityManagerFactoryBean : Initialized JPA EntityManagerFactory for persistence unit 'default'
2026-07-19T18:08:14.400+05:30  INFO 30364 --- [taskManagement] [main] o.s.d.j.r.query.QueryEnhancerFactory     : Hibernate is in classpath; If applicable, HQL parser will be used.
2026-07-19T18:08:15.295+05:30  WARN 30364 --- [taskManagement] [main] JpaBaseConfiguration$JpaWebConfiguration : spring.jpa.open-in-view is enabled by default. Therefore, database queries may be performed during view rendering. Explicitly configure spring.jpa.open-in-view to disable this warning
2026-07-19T18:08:15.667+05:30  INFO 30364 --- [taskManagement] [main] o.s.s.web.DefaultSecurityFilterChain     : Will secure any request with [org.springframework.security.web.session.DisableEncodeUrlFilter@3e6b8b27, org.springframework.security.web.context.request.async.WebAsyncManagerIntegrationFilter@7e199cec, org.springframework.security.web.context.SecurityContextHolderFilter@24a696c0, org.springframework.security.web.header.HeaderWriterFilter@36cc6055, org.springframework.web.filter.CorsFilter@5d965dbd, org.springframework.security.web.authentication.logout.LogoutFilter@655c1b, com.example.taskManagement.Configurations.JwtAuthenticationFilter@6b3bcab7, org.springframework.security.web.savedrequest.RequestCacheAwareFilter@6a7c1725, org.springframework.security.web.servletapi.SecurityContextHolderAwareRequestFilter@756476a3, org.springframework.security.web.authentication.AnonymousAuthenticationFilter@649df002, org.springframework.security.web.session.SessionManagementFilter@6ba6f4e7, org.springframework.security.web.access.ExceptionTranslationFilter@1df6f57d, org.springframework.security.web.access.intercept.AuthorizationFilter@58230224]
2026-07-19T18:08:16.083+05:30  INFO 30364 --- [taskManagement] [main] o.s.b.w.embedded.tomcat.TomcatWebServer  : Tomcat started on port 8080 (http) with context path ''
2026-07-19T18:08:16.099+05:30  INFO 30364 --- [taskManagement] [main] c.e.t.TaskManagementApplication          : Started TaskManagementApplication in 13.559 seconds (process running for 14.073)
2026-07-19T18:11:10.618+05:30  INFO 30364 --- [taskManagement] [SpringApplicationShutdownHook] j.LocalContainerEntityManagerFactoryBean : Closing JPA EntityManagerFactory for persistence unit 'default'
2026-07-19T18:11:10.621+05:30  INFO 30364 --- [taskManagement] [SpringApplicationShutdownHook] com.zaxxer.hikari.HikariDataSource       : HikariPool-1 - Shutdown initiated...
2026-07-19T18:11:11.200+05:30  INFO 30364 --- [taskManagement] [SpringApplicationShutdownHook] com.zaxxer.hikari.HikariDataSource       : HikariPool-1 - Shutdown completed.
2026-07-19T18:11:14.847+05:30  INFO 15248 --- [taskManagement] [main] c.e.t.TaskManagementApplication          : Starting TaskManagementApplication using Java 17.0.12 with PID 15248 (C:\Enosh Files\Codes\Task management app\TaskManagement - Enosh\target\classes started by sharo in C:\Enosh Files\Codes\Task management app\TaskManagement - Enosh)
2026-07-19T18:11:14.851+05:30  INFO 15248 --- [taskManagement] [main] c.e.t.TaskManagementApplication          : No active profile set, falling back to 1 default profile: "default"
2026-07-19T18:11:16.036+05:30  INFO 15248 --- [taskManagement] [main] .s.d.r.c.RepositoryConfigurationDelegate : Bootstrapping Spring Data JPA repositories in DEFAULT mode.
2026-07-19T18:11:16.150+05:30  INFO 15248 --- [taskManagement] [main] .s.d.r.c.RepositoryConfigurationDelegate : Finished Spring Data repository scanning in 106 ms. Found 7 JPA repository interfaces.
2026-07-19T18:11:16.992+05:30  INFO 15248 --- [taskManagement] [main] o.s.b.w.embedded.tomcat.TomcatWebServer  : Tomcat initialized with port 8080 (http)
2026-07-19T18:11:17.007+05:30  INFO 15248 --- [taskManagement] [main] o.apache.catalina.core.StandardService   : Starting service [Tomcat]
2026-07-19T18:11:17.008+05:30  INFO 15248 --- [taskManagement] [main] o.apache.catalina.core.StandardEngine    : Starting Servlet engine: [Apache Tomcat/10.1.20]
2026-07-19T18:11:17.088+05:30  INFO 15248 --- [taskManagement] [main] o.a.c.c.C.[Tomcat].[localhost].[/]       : Initializing Spring embedded WebApplicationContext
2026-07-19T18:11:17.088+05:30  INFO 15248 --- [taskManagement] [main] w.s.c.ServletWebServerApplicationContext : Root WebApplicationContext: initialization completed in 2176 ms
2026-07-19T18:11:17.192+05:30  INFO 15248 --- [taskManagement] [main] com.zaxxer.hikari.HikariDataSource       : HikariPool-1 - Starting...
2026-07-19T18:11:18.163+05:30  INFO 15248 --- [taskManagement] [main] com.zaxxer.hikari.pool.HikariPool        : HikariPool-1 - Added connection org.postgresql.jdbc.PgConnection@4e958f08
2026-07-19T18:11:18.166+05:30  INFO 15248 --- [taskManagement] [main] com.zaxxer.hikari.HikariDataSource       : HikariPool-1 - Start completed.
2026-07-19T18:11:18.319+05:30  INFO 15248 --- [taskManagement] [main] o.f.c.internal.license.VersionPrinter    : Flyway Community Edition 9.22.3 by Redgate
2026-07-19T18:11:18.320+05:30  INFO 15248 --- [taskManagement] [main] o.f.c.internal.license.VersionPrinter    : See release notes here: https://rd.gt/416ObMi
2026-07-19T18:11:18.320+05:30  INFO 15248 --- [taskManagement] [main] o.f.c.internal.license.VersionPrinter    : 
2026-07-19T18:11:18.406+05:30  INFO 15248 --- [taskManagement] [main] org.flywaydb.core.FlywayExecutor         : Database: jdbc:postgresql://ep-orange-grass-aoewn5bb.c-2.ap-southeast-1.aws.neon.tech/neondb (PostgreSQL 18.4)
2026-07-19T18:11:18.813+05:30  WARN 15248 --- [taskManagement] [main] o.f.c.internal.database.base.Database    : Flyway upgrade recommended: PostgreSQL 18.4 is newer than this version of Flyway and support has not been tested. The latest supported version of PostgreSQL is 15.
2026-07-19T18:11:19.145+05:30  INFO 15248 --- [taskManagement] [main] o.f.core.internal.command.DbValidate     : Successfully validated 0 migrations (execution time 00:00.265s)
2026-07-19T18:11:19.146+05:30  WARN 15248 --- [taskManagement] [main] o.f.core.internal.command.DbValidate     : No migrations found. Are your locations set up correctly?
2026-07-19T18:11:20.017+05:30  INFO 15248 --- [taskManagement] [main] o.f.core.internal.command.DbMigrate      : Current version of schema "public": << Empty Schema >>
2026-07-19T18:11:20.077+05:30  INFO 15248 --- [taskManagement] [main] o.f.core.internal.command.DbMigrate      : Schema "public" is up to date. No migration necessary.
2026-07-19T18:11:20.529+05:30  INFO 15248 --- [taskManagement] [main] o.hibernate.jpa.internal.util.LogHelper  : HHH000204: Processing PersistenceUnitInfo [name: default]
2026-07-19T18:11:20.601+05:30  INFO 15248 --- [taskManagement] [main] org.hibernate.Version                    : HHH000412: Hibernate ORM core version 6.4.4.Final
2026-07-19T18:11:20.645+05:30  INFO 15248 --- [taskManagement] [main] o.h.c.internal.RegionFactoryInitiator    : HHH000026: Second-level cache disabled
2026-07-19T18:11:20.893+05:30  INFO 15248 --- [taskManagement] [main] o.s.o.j.p.SpringPersistenceUnitInfo      : No LoadTimeWeaver setup: ignoring JPA class transformer
2026-07-19T18:11:22.418+05:30  INFO 15248 --- [taskManagement] [main] o.h.e.t.j.p.i.JtaPlatformInitiator       : HHH000489: No JTA platform available (set 'hibernate.transaction.jta.platform' to enable JTA platform integration)
2026-07-19T18:11:24.514+05:30  INFO 15248 --- [taskManagement] [main] j.LocalContainerEntityManagerFactoryBean : Initialized JPA EntityManagerFactory for persistence unit 'default'
2026-07-19T18:11:24.799+05:30  INFO 15248 --- [taskManagement] [main] o.s.d.j.r.query.QueryEnhancerFactory     : Hibernate is in classpath; If applicable, HQL parser will be used.
2026-07-19T18:11:25.711+05:30  WARN 15248 --- [taskManagement] [main] JpaBaseConfiguration$JpaWebConfiguration : spring.jpa.open-in-view is enabled by default. Therefore, database queries may be performed during view rendering. Explicitly configure spring.jpa.open-in-view to disable this warning
2026-07-19T18:11:26.064+05:30  INFO 15248 --- [taskManagement] [main] o.s.s.web.DefaultSecurityFilterChain     : Will secure any request with [org.springframework.security.web.session.DisableEncodeUrlFilter@24a696c0, org.springframework.security.web.context.request.async.WebAsyncManagerIntegrationFilter@78fb4f7f, org.springframework.security.web.context.SecurityContextHolderFilter@219aab91, org.springframework.security.web.header.HeaderWriterFilter@354d5692, org.springframework.web.filter.CorsFilter@6a7c1725, org.springframework.security.web.authentication.logout.LogoutFilter@1acd660d, com.example.taskManagement.Configurations.JwtAuthenticationFilter@2d6161b9, org.springframework.security.web.savedrequest.RequestCacheAwareFilter@64001530, org.springframework.security.web.servletapi.SecurityContextHolderAwareRequestFilter@1f9b8c23, org.springframework.security.web.authentication.AnonymousAuthenticationFilter@756476a3, org.springframework.security.web.session.SessionManagementFilter@15a8b228, org.springframework.security.web.access.ExceptionTranslationFilter@21ad0060, org.springframework.security.web.access.intercept.AuthorizationFilter@6ba6f4e7]
2026-07-19T18:11:26.469+05:30  INFO 15248 --- [taskManagement] [main] o.s.b.w.embedded.tomcat.TomcatWebServer  : Tomcat started on port 8080 (http) with context path ''
2026-07-19T18:11:26.485+05:30  INFO 15248 --- [taskManagement] [main] c.e.t.TaskManagementApplication          : Started TaskManagementApplication in 12.086 seconds (process running for 12.522)
2026-07-19T18:12:29.833+05:30  INFO 15248 --- [taskManagement] [http-nio-8080-exec-2] o.a.c.c.C.[Tomcat].[localhost].[/]       : Initializing Spring DispatcherServlet 'dispatcherServlet'
2026-07-19T18:12:29.835+05:30  INFO 15248 --- [taskManagement] [http-nio-8080-exec-2] o.s.web.servlet.DispatcherServlet        : Initializing Servlet 'dispatcherServlet'
2026-07-19T18:12:29.839+05:30  INFO 15248 --- [taskManagement] [http-nio-8080-exec-2] o.s.web.servlet.DispatcherServlet        : Completed initialization in 2 ms
2026-07-19T18:12:30.388+05:30  INFO 15248 --- [taskManagement] [http-nio-8080-exec-2] c.e.taskManagement.Service.AuthService   : Registration request received for email: enoshkaligithi@gmail.com
2026-07-19T18:12:31.218+05:30  INFO 15248 --- [taskManagement] [http-nio-8080-exec-2] .e.t.S.EmailVerificationTokenServiceImpl : Fetching email verification token for userId=ab54c76b-72a8-42d9-b316-4161ba065786
2026-07-19T18:12:31.520+05:30  INFO 15248 --- [taskManagement] [http-nio-8080-exec-2] .e.t.S.EmailVerificationTokenServiceImpl : Email verification token 952179bb-36e4-4858-95eb-7d7e93c53a63 has been successfully created for user ab54c76b-72a8-42d9-b316-4161ba065786
2026-07-19T18:12:31.521+05:30  INFO 15248 --- [taskManagement] [http-nio-8080-exec-2] c.e.taskManagement.Service.AuthService   : Verification email sent to user ab54c76b-72a8-42d9-b316-4161ba065786
2026-07-19T18:12:31.521+05:30  INFO 15248 --- [taskManagement] [http-nio-8080-exec-2] c.e.taskManagement.Service.AuthService   : User registered successfully userId: ab54c76b-72a8-42d9-b316-4161ba065786, email: enoshkaligithi@gmail.com
2026-07-19T18:16:16.403+05:30  INFO 15248 --- [taskManagement] [SpringApplicationShutdownHook] j.LocalContainerEntityManagerFactoryBean : Closing JPA EntityManagerFactory for persistence unit 'default'
2026-07-19T18:16:16.407+05:30  INFO 15248 --- [taskManagement] [SpringApplicationShutdownHook] com.zaxxer.hikari.HikariDataSource       : HikariPool-1 - Shutdown initiated...
2026-07-19T18:16:16.991+05:30  INFO 15248 --- [taskManagement] [SpringApplicationShutdownHook] com.zaxxer.hikari.HikariDataSource       : HikariPool-1 - Shutdown completed.
2026-07-19T18:16:21.369+05:30  INFO 1496 --- [taskManagement] [main] c.e.t.TaskManagementApplication          : Starting TaskManagementApplication using Java 17.0.12 with PID 1496 (C:\Enosh Files\Codes\Task management app\TaskManagement - Enosh\target\classes started by sharo in C:\Enosh Files\Codes\Task management app\TaskManagement - Enosh)
2026-07-19T18:16:21.372+05:30  INFO 1496 --- [taskManagement] [main] c.e.t.TaskManagementApplication          : No active profile set, falling back to 1 default profile: "default"
2026-07-19T18:16:22.860+05:30  INFO 1496 --- [taskManagement] [main] .s.d.r.c.RepositoryConfigurationDelegate : Bootstrapping Spring Data JPA repositories in DEFAULT mode.
2026-07-19T18:16:23.121+05:30  INFO 1496 --- [taskManagement] [main] .s.d.r.c.RepositoryConfigurationDelegate : Finished Spring Data repository scanning in 248 ms. Found 7 JPA repository interfaces.
2026-07-19T18:16:24.036+05:30  INFO 1496 --- [taskManagement] [main] o.s.b.w.embedded.tomcat.TomcatWebServer  : Tomcat initialized with port 8080 (http)
2026-07-19T18:16:24.053+05:30  INFO 1496 --- [taskManagement] [main] o.apache.catalina.core.StandardService   : Starting service [Tomcat]
2026-07-19T18:16:24.053+05:30  INFO 1496 --- [taskManagement] [main] o.apache.catalina.core.StandardEngine    : Starting Servlet engine: [Apache Tomcat/10.1.20]
2026-07-19T18:16:24.140+05:30  INFO 1496 --- [taskManagement] [main] o.a.c.c.C.[Tomcat].[localhost].[/]       : Initializing Spring embedded WebApplicationContext
2026-07-19T18:16:24.142+05:30  INFO 1496 --- [taskManagement] [main] w.s.c.ServletWebServerApplicationContext : Root WebApplicationContext: initialization completed in 2684 ms
2026-07-19T18:16:24.267+05:30  INFO 1496 --- [taskManagement] [main] com.zaxxer.hikari.HikariDataSource       : HikariPool-1 - Starting...
2026-07-19T18:16:25.306+05:30  INFO 1496 --- [taskManagement] [main] com.zaxxer.hikari.pool.HikariPool        : HikariPool-1 - Added connection org.postgresql.jdbc.PgConnection@4e958f08
2026-07-19T18:16:25.310+05:30  INFO 1496 --- [taskManagement] [main] com.zaxxer.hikari.HikariDataSource       : HikariPool-1 - Start completed.
2026-07-19T18:16:25.489+05:30  INFO 1496 --- [taskManagement] [main] o.f.c.internal.license.VersionPrinter    : Flyway Community Edition 9.22.3 by Redgate
2026-07-19T18:16:25.490+05:30  INFO 1496 --- [taskManagement] [main] o.f.c.internal.license.VersionPrinter    : See release notes here: https://rd.gt/416ObMi
2026-07-19T18:16:25.490+05:30  INFO 1496 --- [taskManagement] [main] o.f.c.internal.license.VersionPrinter    : 
2026-07-19T18:16:25.564+05:30  INFO 1496 --- [taskManagement] [main] org.flywaydb.core.FlywayExecutor         : Database: jdbc:postgresql://ep-orange-grass-aoewn5bb.c-2.ap-southeast-1.aws.neon.tech/neondb (PostgreSQL 18.4)
2026-07-19T18:16:26.023+05:30  WARN 1496 --- [taskManagement] [main] o.f.c.internal.database.base.Database    : Flyway upgrade recommended: PostgreSQL 18.4 is newer than this version of Flyway and support has not been tested. The latest supported version of PostgreSQL is 15.
2026-07-19T18:16:26.333+05:30  INFO 1496 --- [taskManagement] [main] o.f.core.internal.command.DbValidate     : Successfully validated 0 migrations (execution time 00:00.235s)
2026-07-19T18:16:26.333+05:30  WARN 1496 --- [taskManagement] [main] o.f.core.internal.command.DbValidate     : No migrations found. Are your locations set up correctly?
2026-07-19T18:16:27.132+05:30  INFO 1496 --- [taskManagement] [main] o.f.core.internal.command.DbMigrate      : Current version of schema "public": << Empty Schema >>
2026-07-19T18:16:27.199+05:30  INFO 1496 --- [taskManagement] [main] o.f.core.internal.command.DbMigrate      : Schema "public" is up to date. No migration necessary.
2026-07-19T18:16:27.648+05:30  INFO 1496 --- [taskManagement] [main] o.hibernate.jpa.internal.util.LogHelper  : HHH000204: Processing PersistenceUnitInfo [name: default]
2026-07-19T18:16:27.716+05:30  INFO 1496 --- [taskManagement] [main] org.hibernate.Version                    : HHH000412: Hibernate ORM core version 6.4.4.Final
2026-07-19T18:16:27.765+05:30  INFO 1496 --- [taskManagement] [main] o.h.c.internal.RegionFactoryInitiator    : HHH000026: Second-level cache disabled
2026-07-19T18:16:28.129+05:30  INFO 1496 --- [taskManagement] [main] o.s.o.j.p.SpringPersistenceUnitInfo      : No LoadTimeWeaver setup: ignoring JPA class transformer
2026-07-19T18:16:30.142+05:30  INFO 1496 --- [taskManagement] [main] o.h.e.t.j.p.i.JtaPlatformInitiator       : HHH000489: No JTA platform available (set 'hibernate.transaction.jta.platform' to enable JTA platform integration)
2026-07-19T18:16:32.354+05:30  INFO 1496 --- [taskManagement] [main] j.LocalContainerEntityManagerFactoryBean : Initialized JPA EntityManagerFactory for persistence unit 'default'
2026-07-19T18:16:32.673+05:30  INFO 1496 --- [taskManagement] [main] o.s.d.j.r.query.QueryEnhancerFactory     : Hibernate is in classpath; If applicable, HQL parser will be used.
2026-07-19T18:16:33.763+05:30  WARN 1496 --- [taskManagement] [main] JpaBaseConfiguration$JpaWebConfiguration : spring.jpa.open-in-view is enabled by default. Therefore, database queries may be performed during view rendering. Explicitly configure spring.jpa.open-in-view to disable this warning
2026-07-19T18:16:34.189+05:30  INFO 1496 --- [taskManagement] [main] o.s.s.web.DefaultSecurityFilterChain     : Will secure any request with [org.springframework.security.web.session.DisableEncodeUrlFilter@6ba6f4e7, org.springframework.security.web.context.request.async.WebAsyncManagerIntegrationFilter@3d45ea17, org.springframework.security.web.context.SecurityContextHolderFilter@15a8b228, org.springframework.security.web.header.HeaderWriterFilter@58d9cd6, org.springframework.web.filter.CorsFilter@685efb22, org.springframework.security.web.authentication.logout.LogoutFilter@6f8af186, com.example.taskManagement.Configurations.JwtAuthenticationFilter@57f076bd, org.springframework.security.web.savedrequest.RequestCacheAwareFilter@54fd5f6, org.springframework.security.web.servletapi.SecurityContextHolderAwareRequestFilter@219aab91, org.springframework.security.web.authentication.AnonymousAuthenticationFilter@24a696c0, org.springframework.security.web.session.SessionManagementFilter@5233b7ad, org.springframework.security.web.access.ExceptionTranslationFilter@141cee26, org.springframework.security.web.access.intercept.AuthorizationFilter@578036a2]
2026-07-19T18:16:34.663+05:30  INFO 1496 --- [taskManagement] [main] o.s.b.w.embedded.tomcat.TomcatWebServer  : Tomcat started on port 8080 (http) with context path ''
2026-07-19T18:16:34.679+05:30  INFO 1496 --- [taskManagement] [main] c.e.t.TaskManagementApplication          : Started TaskManagementApplication in 13.829 seconds (process running for 14.303)
2026-07-19T18:16:59.337+05:30  INFO 1496 --- [taskManagement] [http-nio-8080-exec-1] o.a.c.c.C.[Tomcat].[localhost].[/]       : Initializing Spring DispatcherServlet 'dispatcherServlet'
2026-07-19T18:16:59.339+05:30  INFO 1496 --- [taskManagement] [http-nio-8080-exec-1] o.s.web.servlet.DispatcherServlet        : Initializing Servlet 'dispatcherServlet'
2026-07-19T18:16:59.343+05:30  INFO 1496 --- [taskManagement] [http-nio-8080-exec-1] o.s.web.servlet.DispatcherServlet        : Completed initialization in 3 ms
2026-07-19T18:16:59.814+05:30  INFO 1496 --- [taskManagement] [http-nio-8080-exec-1] c.e.taskManagement.Service.AuthService   : Registration request received for email: enoshkaligithi@gmail.com
2026-07-19T18:17:00.208+05:30  WARN 1496 --- [taskManagement] [http-nio-8080-exec-1] c.e.taskManagement.Service.AuthService   : Registration failed: Email already exists: enoshkaligithi@gmail.com
2026-07-19T18:17:00.276+05:30 ERROR 1496 --- [taskManagement] [http-nio-8080-exec-1] c.e.t.Exception.GlobalExceptionHandler   : Unhandled exception at: /auth/register

com.example.taskManagement.Exception.DuplicateEmailException: Email already exists
	at com.example.taskManagement.Service.AuthService.registerUser(AuthService.java:65) ~[classes/:na]
	at java.base/jdk.internal.reflect.NativeMethodAccessorImpl.invoke0(Native Method) ~[na:na]
	at java.base/jdk.internal.reflect.NativeMethodAccessorImpl.invoke(NativeMethodAccessorImpl.java:77) ~[na:na]
	at java.base/jdk.internal.reflect.DelegatingMethodAccessorImpl.invoke(DelegatingMethodAccessorImpl.java:43) ~[na:na]
	at java.base/java.lang.reflect.Method.invoke(Method.java:568) ~[na:na]
	at org.springframework.aop.support.AopUtils.invokeJoinpointUsingReflection(AopUtils.java:354) ~[spring-aop-6.1.6.jar:6.1.6]
	at org.springframework.aop.framework.ReflectiveMethodInvocation.invokeJoinpoint(ReflectiveMethodInvocation.java:196) ~[spring-aop-6.1.6.jar:6.1.6]
	at org.springframework.aop.framework.ReflectiveMethodInvocation.proceed(ReflectiveMethodInvocation.java:163) ~[spring-aop-6.1.6.jar:6.1.6]
	at org.springframework.aop.framework.CglibAopProxy$CglibMethodInvocation.proceed(CglibAopProxy.java:768) ~[spring-aop-6.1.6.jar:6.1.6]
	at org.springframework.transaction.interceptor.TransactionInterceptor$1.proceedWithInvocation(TransactionInterceptor.java:123) ~[spring-tx-6.1.6.jar:6.1.6]
	at org.springframework.transaction.interceptor.TransactionAspectSupport.invokeWithinTransaction(TransactionAspectSupport.java:392) ~[spring-tx-6.1.6.jar:6.1.6]
	at org.springframework.transaction.interceptor.TransactionInterceptor.invoke(TransactionInterceptor.java:119) ~[spring-tx-6.1.6.jar:6.1.6]
	at org.springframework.aop.framework.ReflectiveMethodInvocation.proceed(ReflectiveMethodInvocation.java:184) ~[spring-aop-6.1.6.jar:6.1.6]
	at org.springframework.aop.framework.CglibAopProxy$CglibMethodInvocation.proceed(CglibAopProxy.java:768) ~[spring-aop-6.1.6.jar:6.1.6]
	at org.springframework.aop.framework.CglibAopProxy$DynamicAdvisedInterceptor.intercept(CglibAopProxy.java:720) ~[spring-aop-6.1.6.jar:6.1.6]
	at com.example.taskManagement.Service.AuthService$$SpringCGLIB$$0.registerUser(<generated>) ~[classes/:na]
	at com.example.taskManagement.Controllers.AuthController.registerUser(AuthController.java:29) ~[classes/:na]
	at java.base/jdk.internal.reflect.NativeMethodAccessorImpl.invoke0(Native Method) ~[na:na]
	at java.base/jdk.internal.reflect.NativeMethodAccessorImpl.invoke(NativeMethodAccessorImpl.java:77) ~[na:na]
	at java.base/jdk.internal.reflect.DelegatingMethodAccessorImpl.invoke(DelegatingMethodAccessorImpl.java:43) ~[na:na]
	at java.base/java.lang.reflect.Method.invoke(Method.java:568) ~[na:na]
	at org.springframework.web.method.support.InvocableHandlerMethod.doInvoke(InvocableHandlerMethod.java:255) ~[spring-web-6.1.6.jar:6.1.6]
	at org.springframework.web.method.support.InvocableHandlerMethod.invokeForRequest(InvocableHandlerMethod.java:188) ~[spring-web-6.1.6.jar:6.1.6]
	at org.springframework.web.servlet.mvc.method.annotation.ServletInvocableHandlerMethod.invokeAndHandle(ServletInvocableHandlerMethod.java:118) ~[spring-webmvc-6.1.6.jar:6.1.6]
	at org.springframework.web.servlet.mvc.method.annotation.RequestMappingHandlerAdapter.invokeHandlerMethod(RequestMappingHandlerAdapter.java:926) ~[spring-webmvc-6.1.6.jar:6.1.6]
	at org.springframework.web.servlet.mvc.method.annotation.RequestMappingHandlerAdapter.handleInternal(RequestMappingHandlerAdapter.java:831) ~[spring-webmvc-6.1.6.jar:6.1.6]
	at org.springframework.web.servlet.mvc.method.AbstractHandlerMethodAdapter.handle(AbstractHandlerMethodAdapter.java:87) ~[spring-webmvc-6.1.6.jar:6.1.6]
	at org.springframework.web.servlet.DispatcherServlet.doDispatch(DispatcherServlet.java:1089) ~[spring-webmvc-6.1.6.jar:6.1.6]
	at org.springframework.web.servlet.DispatcherServlet.doService(DispatcherServlet.java:979) ~[spring-webmvc-6.1.6.jar:6.1.6]
	at org.springframework.web.servlet.FrameworkServlet.processRequest(FrameworkServlet.java:1014) ~[spring-webmvc-6.1.6.jar:6.1.6]
	at org.springframework.web.servlet.FrameworkServlet.doPost(FrameworkServlet.java:914) ~[spring-webmvc-6.1.6.jar:6.1.6]
	at jakarta.servlet.http.HttpServlet.service(HttpServlet.java:590) ~[tomcat-embed-core-10.1.20.jar:6.0]
	at org.springframework.web.servlet.FrameworkServlet.service(FrameworkServlet.java:885) ~[spring-webmvc-6.1.6.jar:6.1.6]
	at jakarta.servlet.http.HttpServlet.service(HttpServlet.java:658) ~[tomcat-embed-core-10.1.20.jar:6.0]
	at org.apache.catalina.core.ApplicationFilterChain.internalDoFilter(ApplicationFilterChain.java:206) ~[tomcat-embed-core-10.1.20.jar:10.1.20]
	at org.apache.catalina.core.ApplicationFilterChain.doFilter(ApplicationFilterChain.java:150) ~[tomcat-embed-core-10.1.20.jar:10.1.20]
	at org.apache.tomcat.websocket.server.WsFilter.doFilter(WsFilter.java:51) ~[tomcat-embed-websocket-10.1.20.jar:10.1.20]
	at org.apache.catalina.core.ApplicationFilterChain.internalDoFilter(ApplicationFilterChain.java:175) ~[tomcat-embed-core-10.1.20.jar:10.1.20]
	at org.apache.catalina.core.ApplicationFilterChain.doFilter(ApplicationFilterChain.java:150) ~[tomcat-embed-core-10.1.20.jar:10.1.20]
	at org.springframework.web.filter.OncePerRequestFilter.doFilter(OncePerRequestFilter.java:110) ~[spring-web-6.1.6.jar:6.1.6]
	at org.apache.catalina.core.ApplicationFilterChain.internalDoFilter(ApplicationFilterChain.java:175) ~[tomcat-embed-core-10.1.20.jar:10.1.20]
	at org.apache.catalina.core.ApplicationFilterChain.doFilter(ApplicationFilterChain.java:150) ~[tomcat-embed-core-10.1.20.jar:10.1.20]
	at org.springframework.web.filter.CompositeFilter$VirtualFilterChain.doFilter(CompositeFilter.java:108) ~[spring-web-6.1.6.jar:6.1.6]
	at org.springframework.security.web.FilterChainProxy.lambda$doFilterInternal$3(FilterChainProxy.java:231) ~[spring-security-web-6.2.4.jar:6.2.4]
	at org.springframework.security.web.FilterChainProxy$VirtualFilterChain.doFilter(FilterChainProxy.java:365) ~[spring-security-web-6.2.4.jar:6.2.4]
	at org.springframework.security.web.access.intercept.AuthorizationFilter.doFilter(AuthorizationFilter.java:100) ~[spring-security-web-6.2.4.jar:6.2.4]
	at org.springframework.security.web.FilterChainProxy$VirtualFilterChain.doFilter(FilterChainProxy.java:374) ~[spring-security-web-6.2.4.jar:6.2.4]
	at org.springframework.security.web.access.ExceptionTranslationFilter.doFilter(ExceptionTranslationFilter.java:126) ~[spring-security-web-6.2.4.jar:6.2.4]
	at org.springframework.security.web.access.ExceptionTranslationFilter.doFilter(ExceptionTranslationFilter.java:120) ~[spring-security-web-6.2.4.jar:6.2.4]
	at org.springframework.security.web.FilterChainProxy$VirtualFilterChain.doFilter(FilterChainProxy.java:374) ~[spring-security-web-6.2.4.jar:6.2.4]
	at org.springframework.security.web.session.SessionManagementFilter.doFilter(SessionManagementFilter.java:131) ~[spring-security-web-6.2.4.jar:6.2.4]
	at org.springframework.security.web.session.SessionManagementFilter.doFilter(SessionManagementFilter.java:85) ~[spring-security-web-6.2.4.jar:6.2.4]
	at org.springframework.security.web.FilterChainProxy$VirtualFilterChain.doFilter(FilterChainProxy.java:374) ~[spring-security-web-6.2.4.jar:6.2.4]
	at org.springframework.security.web.authentication.AnonymousAuthenticationFilter.doFilter(AnonymousAuthenticationFilter.java:100) ~[spring-security-web-6.2.4.jar:6.2.4]
	at org.springframework.security.web.FilterChainProxy$VirtualFilterChain.doFilter(FilterChainProxy.java:374) ~[spring-security-web-6.2.4.jar:6.2.4]
	at org.springframework.security.web.servletapi.SecurityContextHolderAwareRequestFilter.doFilter(SecurityContextHolderAwareRequestFilter.java:179) ~[spring-security-web-6.2.4.jar:6.2.4]
	at org.springframework.security.web.FilterChainProxy$VirtualFilterChain.doFilter(FilterChainProxy.java:374) ~[spring-security-web-6.2.4.jar:6.2.4]
	at org.springframework.security.web.savedrequest.RequestCacheAwareFilter.doFilter(RequestCacheAwareFilter.java:63) ~[spring-security-web-6.2.4.jar:6.2.4]
	at org.springframework.security.web.FilterChainProxy$VirtualFilterChain.doFilter(FilterChainProxy.java:374) ~[spring-security-web-6.2.4.jar:6.2.4]
	at com.example.taskManagement.Configurations.JwtAuthenticationFilter.doFilterInternal(JwtAuthenticationFilter.java:45) ~[classes/:na]
	at org.springframework.web.filter.OncePerRequestFilter.doFilter(OncePerRequestFilter.java:116) ~[spring-web-6.1.6.jar:6.1.6]
	at org.springframework.security.web.FilterChainProxy$VirtualFilterChain.doFilter(FilterChainProxy.java:374) ~[spring-security-web-6.2.4.jar:6.2.4]
	at org.springframework.security.web.authentication.logout.LogoutFilter.doFilter(LogoutFilter.java:107) ~[spring-security-web-6.2.4.jar:6.2.4]
	at org.springframework.security.web.authentication.logout.LogoutFilter.doFilter(LogoutFilter.java:93) ~[spring-security-web-6.2.4.jar:6.2.4]
	at org.springframework.security.web.FilterChainProxy$VirtualFilterChain.doFilter(FilterChainProxy.java:374) ~[spring-security-web-6.2.4.jar:6.2.4]
	at org.springframework.web.filter.CorsFilter.doFilterInternal(CorsFilter.java:91) ~[spring-web-6.1.6.jar:6.1.6]
	at org.springframework.web.filter.OncePerRequestFilter.doFilter(OncePerRequestFilter.java:116) ~[spring-web-6.1.6.jar:6.1.6]
	at org.springframework.security.web.FilterChainProxy$VirtualFilterChain.doFilter(FilterChainProxy.java:374) ~[spring-security-web-6.2.4.jar:6.2.4]
	at org.springframework.security.web.header.HeaderWriterFilter.doHeadersAfter(HeaderWriterFilter.java:90) ~[spring-security-web-6.2.4.jar:6.2.4]
	at org.springframework.security.web.header.HeaderWriterFilter.doFilterInternal(HeaderWriterFilter.java:75) ~[spring-security-web-6.2.4.jar:6.2.4]
	at org.springframework.web.filter.OncePerRequestFilter.doFilter(OncePerRequestFilter.java:116) ~[spring-web-6.1.6.jar:6.1.6]
	at org.springframework.security.web.FilterChainProxy$VirtualFilterChain.doFilter(FilterChainProxy.java:374) ~[spring-security-web-6.2.4.jar:6.2.4]
	at org.springframework.security.web.context.SecurityContextHolderFilter.doFilter(SecurityContextHolderFilter.java:82) ~[spring-security-web-6.2.4.jar:6.2.4]
	at org.springframework.security.web.context.SecurityContextHolderFilter.doFilter(SecurityContextHolderFilter.java:69) ~[spring-security-web-6.2.4.jar:6.2.4]
	at org.springframework.security.web.FilterChainProxy$VirtualFilterChain.doFilter(FilterChainProxy.java:374) ~[spring-security-web-6.2.4.jar:6.2.4]
	at org.springframework.security.web.context.request.async.WebAsyncManagerIntegrationFilter.doFilterInternal(WebAsyncManagerIntegrationFilter.java:62) ~[spring-security-web-6.2.4.jar:6.2.4]
	at org.springframework.web.filter.OncePerRequestFilter.doFilter(OncePerRequestFilter.java:116) ~[spring-web-6.1.6.jar:6.1.6]
	at org.springframework.security.web.FilterChainProxy$VirtualFilterChain.doFilter(FilterChainProxy.java:374) ~[spring-security-web-6.2.4.jar:6.2.4]
	at org.springframework.security.web.session.DisableEncodeUrlFilter.doFilterInternal(DisableEncodeUrlFilter.java:42) ~[spring-security-web-6.2.4.jar:6.2.4]
	at org.springframework.web.filter.OncePerRequestFilter.doFilter(OncePerRequestFilter.java:116) ~[spring-web-6.1.6.jar:6.1.6]
	at org.springframework.security.web.FilterChainProxy$VirtualFilterChain.doFilter(FilterChainProxy.java:374) ~[spring-security-web-6.2.4.jar:6.2.4]
	at org.springframework.security.web.FilterChainProxy.doFilterInternal(FilterChainProxy.java:233) ~[spring-security-web-6.2.4.jar:6.2.4]
	at org.springframework.security.web.FilterChainProxy.doFilter(FilterChainProxy.java:191) ~[spring-security-web-6.2.4.jar:6.2.4]
	at org.springframework.web.filter.CompositeFilter$VirtualFilterChain.doFilter(CompositeFilter.java:113) ~[spring-web-6.1.6.jar:6.1.6]
	at org.springframework.web.servlet.handler.HandlerMappingIntrospector.lambda$createCacheFilter$3(HandlerMappingIntrospector.java:195) ~[spring-webmvc-6.1.6.jar:6.1.6]
	at org.springframework.web.filter.CompositeFilter$VirtualFilterChain.doFilter(CompositeFilter.java:113) ~[spring-web-6.1.6.jar:6.1.6]
	at org.springframework.web.filter.CompositeFilter.doFilter(CompositeFilter.java:74) ~[spring-web-6.1.6.jar:6.1.6]
	at org.springframework.security.config.annotation.web.configuration.WebMvcSecurityConfiguration$CompositeFilterChainProxy.doFilter(WebMvcSecurityConfiguration.java:230) ~[spring-security-config-6.2.4.jar:6.2.4]
	at org.springframework.web.filter.DelegatingFilterProxy.invokeDelegate(DelegatingFilterProxy.java:352) ~[spring-web-6.1.6.jar:6.1.6]
	at org.springframework.web.filter.DelegatingFilterProxy.doFilter(DelegatingFilterProxy.java:268) ~[spring-web-6.1.6.jar:6.1.6]
	at org.apache.catalina.core.ApplicationFilterChain.internalDoFilter(ApplicationFilterChain.java:175) ~[tomcat-embed-core-10.1.20.jar:10.1.20]
	at org.apache.catalina.core.ApplicationFilterChain.doFilter(ApplicationFilterChain.java:150) ~[tomcat-embed-core-10.1.20.jar:10.1.20]
	at org.springframework.web.filter.RequestContextFilter.doFilterInternal(RequestContextFilter.java:100) ~[spring-web-6.1.6.jar:6.1.6]
	at org.springframework.web.filter.OncePerRequestFilter.doFilter(OncePerRequestFilter.java:116) ~[spring-web-6.1.6.jar:6.1.6]
	at org.apache.catalina.core.ApplicationFilterChain.internalDoFilter(ApplicationFilterChain.java:175) ~[tomcat-embed-core-10.1.20.jar:10.1.20]
	at org.apache.catalina.core.ApplicationFilterChain.doFilter(ApplicationFilterChain.java:150) ~[tomcat-embed-core-10.1.20.jar:10.1.20]
	at org.springframework.web.filter.FormContentFilter.doFilterInternal(FormContentFilter.java:93) ~[spring-web-6.1.6.jar:6.1.6]
	at org.springframework.web.filter.OncePerRequestFilter.doFilter(OncePerRequestFilter.java:116) ~[spring-web-6.1.6.jar:6.1.6]
	at org.apache.catalina.core.ApplicationFilterChain.internalDoFilter(ApplicationFilterChain.java:175) ~[tomcat-embed-core-10.1.20.jar:10.1.20]
	at org.apache.catalina.core.ApplicationFilterChain.doFilter(ApplicationFilterChain.java:150) ~[tomcat-embed-core-10.1.20.jar:10.1.20]
	at org.springframework.web.filter.CharacterEncodingFilter.doFilterInternal(CharacterEncodingFilter.java:201) ~[spring-web-6.1.6.jar:6.1.6]
	at org.springframework.web.filter.OncePerRequestFilter.doFilter(OncePerRequestFilter.java:116) ~[spring-web-6.1.6.jar:6.1.6]
	at org.apache.catalina.core.ApplicationFilterChain.internalDoFilter(ApplicationFilterChain.java:175) ~[tomcat-embed-core-10.1.20.jar:10.1.20]
	at org.apache.catalina.core.ApplicationFilterChain.doFilter(ApplicationFilterChain.java:150) ~[tomcat-embed-core-10.1.20.jar:10.1.20]
	at org.apache.catalina.core.StandardWrapperValve.invoke(StandardWrapperValve.java:167) ~[tomcat-embed-core-10.1.20.jar:10.1.20]
	at org.apache.catalina.core.StandardContextValve.invoke(StandardContextValve.java:90) ~[tomcat-embed-core-10.1.20.jar:10.1.20]
	at org.apache.catalina.authenticator.AuthenticatorBase.invoke(AuthenticatorBase.java:482) ~[tomcat-embed-core-10.1.20.jar:10.1.20]
	at org.apache.catalina.core.StandardHostValve.invoke(StandardHostValve.java:115) ~[tomcat-embed-core-10.1.20.jar:10.1.20]
	at org.apache.catalina.valves.ErrorReportValve.invoke(ErrorReportValve.java:93) ~[tomcat-embed-core-10.1.20.jar:10.1.20]
	at org.apache.catalina.core.StandardEngineValve.invoke(StandardEngineValve.java:74) ~[tomcat-embed-core-10.1.20.jar:10.1.20]
	at org.apache.catalina.connector.CoyoteAdapter.service(CoyoteAdapter.java:344) ~[tomcat-embed-core-10.1.20.jar:10.1.20]
	at org.apache.coyote.http11.Http11Processor.service(Http11Processor.java:391) ~[tomcat-embed-core-10.1.20.jar:10.1.20]
	at org.apache.coyote.AbstractProcessorLight.process(AbstractProcessorLight.java:63) ~[tomcat-embed-core-10.1.20.jar:10.1.20]
	at org.apache.coyote.AbstractProtocol$ConnectionHandler.process(AbstractProtocol.java:896) ~[tomcat-embed-core-10.1.20.jar:10.1.20]
	at org.apache.tomcat.util.net.NioEndpoint$SocketProcessor.doRun(NioEndpoint.java:1736) ~[tomcat-embed-core-10.1.20.jar:10.1.20]
	at org.apache.tomcat.util.net.SocketProcessorBase.run(SocketProcessorBase.java:52) ~[tomcat-embed-core-10.1.20.jar:10.1.20]
	at org.apache.tomcat.util.threads.ThreadPoolExecutor.runWorker(ThreadPoolExecutor.java:1191) ~[tomcat-embed-core-10.1.20.jar:10.1.20]
	at org.apache.tomcat.util.threads.ThreadPoolExecutor$Worker.run(ThreadPoolExecutor.java:659) ~[tomcat-embed-core-10.1.20.jar:10.1.20]
	at org.apache.tomcat.util.threads.TaskThread$WrappingRunnable.run(TaskThread.java:63) ~[tomcat-embed-core-10.1.20.jar:10.1.20]
	at java.base/java.lang.Thread.run(Thread.java:842) ~[na:na]

2026-07-19T18:31:26.283+05:30  INFO 1496 --- [taskManagement] [http-nio-8080-exec-5] c.e.taskManagement.Service.AuthService   : Registration request received for email: enoshkaligithi@gmail.com
2026-07-19T18:31:27.061+05:30  INFO 1496 --- [taskManagement] [http-nio-8080-exec-5] .e.t.S.EmailVerificationTokenServiceImpl : Fetching email verification token for userId=d9103193-4a58-43f4-b01c-d73114753a89
2026-07-19T18:31:27.308+05:30  INFO 1496 --- [taskManagement] [http-nio-8080-exec-5] .e.t.S.EmailVerificationTokenServiceImpl : Email verification token 4a50a39a-3d25-4bd8-b572-b2eb99f5b7d6 has been successfully created for user d9103193-4a58-43f4-b01c-d73114753a89
2026-07-19T18:31:27.309+05:30  INFO 1496 --- [taskManagement] [http-nio-8080-exec-5] c.e.taskManagement.Service.AuthService   : Verification email sent to user d9103193-4a58-43f4-b01c-d73114753a89
2026-07-19T18:31:27.310+05:30  INFO 1496 --- [taskManagement] [http-nio-8080-exec-5] c.e.taskManagement.Service.AuthService   : User registered successfully userId: d9103193-4a58-43f4-b01c-d73114753a89, email: enoshkaligithi@gmail.com
2026-07-19T18:31:28.893+05:30  INFO 1496 --- [taskManagement] [task-1] c.e.t.Service.EmailServiceImpl           : Verification email sent successfully to enoshkaligithi@gmail.com
2026-07-19T18:39:00.199+05:30  WARN 1496 --- [taskManagement] [HikariPool-1 housekeeper] com.zaxxer.hikari.pool.HikariPool        : HikariPool-1 - Thread starvation or clock leap detected (housekeeper delta=3m34s488ms399µs100ns).
2026-07-19T19:00:12.080+05:30  INFO 1496 --- [taskManagement] [SpringApplicationShutdownHook] j.LocalContainerEntityManagerFactoryBean : Closing JPA EntityManagerFactory for persistence unit 'default'
2026-07-19T19:00:12.088+05:30  INFO 1496 --- [taskManagement] [SpringApplicationShutdownHook] com.zaxxer.hikari.HikariDataSource       : HikariPool-1 - Shutdown initiated...
2026-07-19T19:00:12.102+05:30  INFO 1496 --- [taskManagement] [SpringApplicationShutdownHook] com.zaxxer.hikari.HikariDataSource       : HikariPool-1 - Shutdown completed.
